###############################################################################
#
# IAR ELF Linker V9.30.1.335/W64 for ARM                  28/Dec/2022  18:32:57
# Copyright 2007-2022 IAR Systems AB.
#
#    Output file  =
#        D:\MCTA\Current
#        Semester\Embedded\Final_project\trial3\Debug\Exe\trial3.out
#    Map file     =
#        D:\MCTA\Current
#        Semester\Embedded\Final_project\trial3\Debug\List\trial3.map
#    Command line =
#        -f "D:\MCTA\Current
#        Semester\Embedded\Final_project\trial3\Debug\Exe\trial3.out.rsp"
#        ("D:\MCTA\Current
#        Semester\Embedded\Final_project\trial3\Debug\Obj\delay.o"
#        "D:\MCTA\Current
#        Semester\Embedded\Final_project\trial3\Debug\Obj\DIO.o"
#        "D:\MCTA\Current
#        Semester\Embedded\Final_project\trial3\Debug\Obj\keypad.o"
#        "D:\MCTA\Current
#        Semester\Embedded\Final_project\trial3\Debug\Obj\lcd.o"
#        "D:\MCTA\Current
#        Semester\Embedded\Final_project\trial3\Debug\Obj\main.o"
#        --no_out_extension -o "D:\MCTA\Current
#        Semester\Embedded\Final_project\trial3\Debug\Exe\trial3.out"
#        --redirect _Printf=_PrintfFullNoMb --redirect _Scanf=_ScanfFullNoMb
#        --map "D:\MCTA\Current
#        Semester\Embedded\Final_project\trial3\Debug\List\trial3.map" --config
#        "C:\Program Files\IAR Systems\Embedded Workbench
#        9.1\arm/config/linker/TexasInstruments/TM4C123GE6.icf" --semihosting
#        C:\ti\TivaWare_C_Series-2.2.0.295\driverlib\ewarm\Exe\driverlib.a
#        --entry __iar_program_start --vfe --text_out locale --cpu=Cortex-M4
#        --fpu=VFPv4_sp)
#
###############################################################################

*******************************************************************************
*** MESSAGES
***

Warning[Lt009]: Inconsistent wchar_t size
            gpio.o(driverlib.a) and 4 other objects in driverlib.a have wchar_t
                      size 16 bits
            delay.o and 112 other objects, some of them in dl7M_tln.a and 90
                      other libraries have wchar_t size 32 bits


*******************************************************************************
*** RUNTIME MODEL ATTRIBUTES
***

CppFlavor       = *
__CPP_Runtime   = 1
__SystemLibrary = DLib
__dlib_version  = 6


*******************************************************************************
*** HEAP SELECTION
***

The basic heap was selected because --advanced_heap
was not specified and the application did not appear to
be primarily optimized for speed.


*******************************************************************************
*** PLACEMENT SUMMARY
***

"A0":  place at address 0x0 { ro section .intvec };
"P1":  place in [from 0x0 to 0x1'ffff] { ro };
define block CSTACK with size = 4K, alignment = 8 { };
define block HEAP with size = 8K, alignment = 8 { };
"P2":  place in [from 0x2000'0000 to 0x2000'7fff] {
          rw, block CSTACK, block HEAP };
initialize by copy { rw };

  Section            Kind         Address    Size  Object
  -------            ----         -------    ----  ------
"A0":                                        0x40
  .intvec            ro code          0x0    0x40  vector_table_M.o [5]
                                   - 0x40    0x40

"P1":                                      0x3318
  .text              ro code         0x40   0xbdc  main.o [1]
  .text              ro code        0xc1c   0x1dc  interrupt.o [3]
  .text              ro code        0xdf8   0x14c  keypad.o [1]
  .text              ro code        0xf44   0x3c8  lcd.o [1]
  .text              ro code       0x130c    0x44  sysctl.o [3]
  .text              ro code       0x1350   0x458  gpio.o [3]
  .text              ro code       0x17a8    0x30  delay.o [1]
  .text              ro code       0x17d8    0x66  ABImemset.o [5]
  .text              ro code       0x183e    0x2a  copy_init3.o [5]
  .text              ro code       0x1868    0x22  S32ToDbl.o [4]
  .text              ro code       0x188a     0x2  vectortrap_M.o [5]
  .text              ro code       0x188c    0x16  math_wrappers64.o [4]
  .text              ro code       0x18a4    0x36  DblToS32.o [4]
  .text              ro code       0x18dc    0x48  FltToDbl.o [4]
  .text              ro code       0x1924   0x1b8  timer.o [3]
  .text              ro code       0x1adc    0x9c  DIO.o [1]
  .text              ro code       0x1b78     0x8  abs.o [2]
  .text              ro code       0x1b80    0x34  DblCmpLe.o [4]
  .text              ro code       0x1bb4   0x25e  DblAddSub.o [4]
  .text              ro code       0x1e14   0x1aa  DblMul.o [4]
  .text              ro code       0x1fc0    0x1c  U32ToDbl.o [4]
  .text              ro code       0x1fdc   0x650  pow64.o [4]
  .text              ro code       0x262c    0x20  DblCmpEq.o [4]
  .text              ro code       0x264c    0x70  frexp.o [4]
  .text              ro code       0x26bc   0x246  DblDiv.o [4]
  .text              ro code       0x2904    0x34  DblCmpGe.o [4]
  .text              ro code       0x2938   0x2ec  iar_Exp64.o [4]
  .text              ro code       0x2c24   0x13a  ldexp.o [4]
  .rodata            const         0x2d60   0x420  pow64.o [4]
  .rodata            const         0x3180    0x58  lcd.o [1]
  .text              ro code       0x31d8    0x38  zero_init3.o [5]
  .text              ro code       0x3210    0x28  data_init.o [5]
  .text              ro code       0x3238    0x22  fpinit_M.o [4]
  .iar.init_table    const         0x325c    0x24  - Linker created -
  .text              ro code       0x3280    0x1e  cmain.o [5]
  .text              ro code       0x329e     0x4  low_level_init.o [2]
  .text              ro code       0x32a2     0x4  exit.o [2]
  .text              ro code       0x32a8     0xa  cexit.o [5]
  .text              ro code       0x32b4    0x14  exit.o [6]
  .text              ro code       0x32c8    0x1c  cstartup_M.o [5]
  Initializer bytes  const         0x32e4    0x1c  <for P2-1>
  .rodata            const         0x3300    0x10  keypad.o [1]
  .rodata            const         0x3310     0xc  main.o [1]
  .rodata            const         0x331c     0xc  main.o [1]
  .rodata            const         0x3328     0xc  main.o [1]
  .rodata            const         0x3334     0xc  main.o [1]
  .rodata            const         0x3340     0x8  main.o [1]
  .rodata            const         0x3348     0x8  main.o [1]
  .rodata            const         0x3350     0x8  main.o [1]
  .rodata            const         0x3358     0x0  zero_init3.o [5]
  .rodata            const         0x3358     0x0  copy_init3.o [5]
                                 - 0x3358  0x3318

"P2", part 1 of 3:                           0x1c
  P2-1                        0x2000'0000    0x1c  <Init block>
    .data            inited   0x2000'0000     0x4  main.o [1]
    .data            inited   0x2000'0004     0x4  main.o [1]
    .data            inited   0x2000'0008     0x4  main.o [1]
    .data            inited   0x2000'000c     0x4  main.o [1]
    .data            inited   0x2000'0010     0x4  main.o [1]
    .data            inited   0x2000'0014     0x4  main.o [1]
    .data            inited   0x2000'0018     0x4  main.o [1]
                            - 0x2000'001c    0x1c

"P2", part 2 of 3:                          0x66c
  VTABLE             zero     0x2000'0400   0x26c  interrupt.o [3]
  .bss               zero     0x2000'066c     0x4  main.o [1]
  .bss               zero     0x2000'0670     0x4  main.o [1]
  .bss               zero     0x2000'0674     0x4  main.o [1]
  .bss               zero     0x2000'0678     0x4  main.o [1]
  .bss               zero     0x2000'067c     0x4  main.o [1]
  .bss               zero     0x2000'0680     0x4  main.o [1]
  .bss               zero     0x2000'0684     0x4  main.o [1]
                            - 0x2000'0688   0x66c

"P2", part 3 of 3:                         0x1000
  CSTACK                      0x2000'0688  0x1000  <Block>
    CSTACK           uninit   0x2000'0688  0x1000  <Block tail>
                            - 0x2000'1688  0x1000

Unused ranges:

         From           To      Size
         ----           --      ----
       0x3358     0x1'ffff  0x1'cca8
  0x2000'1688  0x2000'7fff    0x6978


*******************************************************************************
*** INIT TABLE
***

          Address      Size
          -------      ----
Zero (__iar_zero_init3)
    1 destination range, total size 0x288:
          0x2000'0400  0x288

Copy (__iar_copy_init3)
    1 source range, total size 0x1c:
               0x32e4   0x1c
    1 destination range, total size 0x1c:
          0x2000'0000   0x1c



*******************************************************************************
*** MODULE SUMMARY
***

    Module             ro code  ro data  rw data
    ------             -------  -------  -------
command line/config:
    --------------------------------------------
    Total:

D:\MCTA\Current Semester\Embedded\Final_project\trial3\Debug\Obj: [1]
    DIO.o                  156
    delay.o                 48
    keypad.o               332       16
    lcd.o                  968       88
    main.o               3'036      100       56
    --------------------------------------------
    Total:               4'540      204       56

dl7M_tln.a: [2]
    abs.o                    8
    exit.o                   4
    low_level_init.o         4
    --------------------------------------------
    Total:                  16

driverlib.a: [3]
    gpio.o               1'112
    interrupt.o            476               620
    sysctl.o                68
    timer.o                440
    --------------------------------------------
    Total:               2'096               620

m7M_tls.a: [4]
    DblAddSub.o            606
    DblCmpEq.o              32
    DblCmpGe.o              52
    DblCmpLe.o              52
    DblDiv.o               582
    DblMul.o               426
    DblToS32.o              54
    FltToDbl.o              72
    S32ToDbl.o              34
    U32ToDbl.o              28
    fpinit_M.o              34
    frexp.o                112
    iar_Exp64.o            748
    ldexp.o                314
    math_wrappers64.o       22
    pow64.o              1'616    1'056
    --------------------------------------------
    Total:               4'784    1'056

rt7M_tl.a: [5]
    ABImemset.o            102
    cexit.o                 10
    cmain.o                 30
    copy_init3.o            42
    cstartup_M.o            28
    data_init.o             40
    vector_table_M.o        64
    vectortrap_M.o           2
    zero_init3.o            56
    --------------------------------------------
    Total:                 374

shb_l.a: [6]
    exit.o                  20
    --------------------------------------------
    Total:                  20

    Gaps                    14        4      996
    Linker created                   36    4'096
------------------------------------------------
    Grand Total:        11'844    1'300    5'768


*******************************************************************************
*** ENTRY LIST
***

Entry                       Address   Size  Type      Object
-----                       -------   ----  ----      ------
.iar.init_table$$Base        0x325c          --   Gb  - Linker created -
.iar.init_table$$Limit       0x3280          --   Gb  - Linker created -
?main                        0x3281         Code  Gb  cmain.o [5]
BusFault_Handler             0x188b         Code  Wk  vectortrap_M.o [5]
CSTACK$$Base            0x2000'0688          --   Gb  - Linker created -
CSTACK$$Limit           0x2000'1688          --   Gb  - Linker created -
DIO_ReadPin                  0x1add   0x82  Code  Gb  DIO.o [1]
DebugMon_Handler             0x188b         Code  Wk  vectortrap_M.o [5]
GPIODirModeSet               0x1391   0x28  Code  Gb  gpio.o [3]
GPIOIntDisable               0x157f    0x6  Code  Gb  gpio.o [3]
GPIOIntEnable                0x1579    0x6  Code  Gb  gpio.o [3]
GPIOIntRegister              0x1585   0x14  Code  Gb  gpio.o [3]
GPIOIntTypeSet               0x13b9   0x4c  Code  Gb  gpio.o [3]
GPIOPadConfigSet             0x1405  0x174  Code  Gb  gpio.o [3]
GPIOPinTypeGPIOInput         0x15a5   0x14  Code  Gb  gpio.o [3]
GPIOPinTypeGPIOOutput        0x15b9    0xa  Code  Gb  gpio.o [3]
GPIOUnlockPin                0x15ef    0xe  Code  Gb  gpio.o [3]
HardFault_Handler            0x188b         Code  Wk  vectortrap_M.o [5]
IntDisable                    0xcc9   0x56  Code  Gb  interrupt.o [3]
IntEnable                     0xc73   0x56  Code  Gb  interrupt.o [3]
IntPrioritySet                0xc4f   0x24  Code  Gb  interrupt.o [3]
IntRegister                   0xc1f   0x26  Code  Gb  interrupt.o [3]
IntUnregister                 0xc45    0xa  Code  Gb  interrupt.o [3]
KEYPAD_getPressedKey          0xe4f   0x64  Code  Gb  keypad.o [1]
KEYPAD_getPressedKey2         0xeb3   0x64  Code  Gb  keypad.o [1]
KEYPAD_init                   0xdf9   0x56  Code  Gb  keypad.o [1]
LCD_Cmd                       0xfbd   0x2e  Code  Gb  lcd.o [1]
LCD_String                   0x1045   0x18  Code  Gb  lcd.o [1]
LCD_Write_Char               0x1023   0x22  Code  Gb  lcd.o [1]
LCD_Write_Nibble              0xfeb   0x38  Code  Gb  lcd.o [1]
LCD_clearScreen              0x10bd    0xa  Code  Gb  lcd.o [1]
LCD_floatToString            0x10a7   0x16  Code  Gb  lcd.o [1]
LCD_init                      0xf45   0x78  Code  Gb  lcd.o [1]
LCD_intgerToString           0x1093   0x14  Code  Gb  lcd.o [1]
LCD_moveCursor               0x105d   0x36  Code  Gb  lcd.o [1]
MemManage_Handler            0x188b         Code  Wk  vectortrap_M.o [5]
NMI_Handler                  0x188b         Code  Wk  vectortrap_M.o [5]
PendSV_Handler               0x188b         Code  Wk  vectortrap_M.o [5]
Region$$Table$$Base          0x325c          --   Gb  - Linker created -
Region$$Table$$Limit         0x3280          --   Gb  - Linker created -
SVC_Handler                  0x188b         Code  Wk  vectortrap_M.o [5]
SysCtlPeripheralEnable       0x132d    0x8  Code  Gb  sysctl.o [3]
SysCtlPeripheralReady        0x130d    0x8  Code  Gb  sysctl.o [3]
SysTick_Handler              0x188b         Code  Wk  vectortrap_M.o [5]
TimerConfigure               0x197f   0x52  Code  Gb  timer.o [3]
TimerDisable                 0x1973    0xc  Code  Gb  timer.o [3]
TimerEnable                  0x1967    0xc  Code  Gb  timer.o [3]
TimerIntClear                0x1a37    0x4  Code  Gb  timer.o [3]
TimerIntDisable              0x1a2b    0x4  Code  Gb  timer.o [3]
TimerIntEnable               0x1a21    0x4  Code  Gb  timer.o [3]
TimerIntRegister             0x19f1   0x1a  Code  Gb  timer.o [3]
TimerIntUnregister           0x1a0b   0x16  Code  Gb  timer.o [3]
TimerLoadSet                 0x19e1   0x10  Code  Gb  timer.o [3]
UsageFault_Handler           0x188b         Code  Wk  vectortrap_M.o [5]
_GPIOIntNumberGet            0x1351   0x40  Code  Lc  gpio.o [3]
_IntDefaultHandler            0xc1d    0x2  Code  Lc  interrupt.o [3]
_TimerIntNumberGet           0x1925   0x42  Code  Lc  timer.o [3]
__aeabi_cdcmpeq              0x262d         Code  Gb  DblCmpEq.o [4]
__aeabi_cdcmple              0x1b81         Code  Gb  DblCmpLe.o [4]
__aeabi_cdrcmple             0x2905         Code  Gb  DblCmpGe.o [4]
__aeabi_d2iz                 0x18a5         Code  Gb  DblToS32.o [4]
__aeabi_dadd                 0x1bb5         Code  Gb  DblAddSub.o [4]
__aeabi_ddiv                 0x26bd         Code  Gb  DblDiv.o [4]
__aeabi_dmul                 0x1e15         Code  Gb  DblMul.o [4]
__aeabi_dsub                 0x1d31         Code  Gb  DblAddSub.o [4]
__aeabi_f2d                  0x18dd         Code  Gb  FltToDbl.o [4]
__aeabi_i2d                  0x1869         Code  Gb  S32ToDbl.o [4]
__aeabi_memset               0x17d9         Code  Gb  ABImemset.o [5]
__aeabi_ui2d                 0x1fc1         Code  Gb  U32ToDbl.o [4]
__cmain                      0x3281         Code  Gb  cmain.o [5]
__exit                       0x32b5   0x14  Code  Gb  exit.o [6]
__iar_Exp64                  0x2939  0x284  Code  Gb  iar_Exp64.o [4]
__iar_Memset                 0x17d9         Code  Gb  ABImemset.o [5]
__iar_Memset_word            0x17e1         Code  Gb  ABImemset.o [5]
__iar_copy_init3             0x183f   0x2a  Code  Gb  copy_init3.o [5]
__iar_data_init3             0x3211   0x28  Code  Gb  data_init.o [5]
__iar_frexp                  0x2659         Code  Gb  frexp.o [4]
__iar_frexpl                 0x2659         Code  Gb  frexp.o [4]
__iar_init_vfp               0x3239         Code  Gb  fpinit_M.o [4]
__iar_ldexp64                0x2c25         Code  Gb  ldexp.o [4]
__iar_pow64                  0x1fdd  0x650  Code  Gb  pow64.o [4]
__iar_pow_medium             0x1fdd  0x650  Code  Gb  pow64.o [4]
__iar_pow_medium64           0x1fdd  0x650  Code  Gb  pow64.o [4]
__iar_pow_mediuml            0x1fdd  0x650  Code  Gb  pow64.o [4]
__iar_program_start          0x32c9         Code  Gb  cstartup_M.o [5]
__iar_scalbln64              0x2c25         Code  Gb  ldexp.o [4]
__iar_scalbn64               0x2c25         Code  Gb  ldexp.o [4]
__iar_softfp___iar_frexp64
                             0x264d         Code  Gb  frexp.o [4]
__iar_softfp_frexp           0x264d         Code  Gb  frexp.o [4]
__iar_softfp_frexpl          0x264d         Code  Gb  frexp.o [4]
__iar_vfp_pow                0x1893   0x10  Code  Gb  math_wrappers64.o [4]
__iar_zero_init3             0x31d9   0x38  Code  Gb  zero_init3.o [5]
__low_level_init             0x329f    0x4  Code  Gb  low_level_init.o [2]
__vector_table                  0x0         Data  Gb  vector_table_M.o [5]
_call_main                   0x328d         Code  Gb  cmain.o [5]
_exit                        0x32a9         Code  Gb  cexit.o [5]
abs                          0x1b79    0x8  Code  Wk  abs.o [2]
calc_num1               0x2000'0680    0x4  Data  Gb  main.o [1]
calc_num1_pointer       0x2000'0014    0x4  Data  Gb  main.o [1]
calc_num2               0x2000'0684    0x4  Data  Gb  main.o [1]
calc_num2_pointer       0x2000'0018    0x4  Data  Gb  main.o [1]
calculator_start              0x2bd  0x304  Code  Gb  main.o [1]
delay_ms                     0x17a9   0x1a  Code  Gb  delay.o [1]
delay_us                     0x17c3   0x16  Code  Gb  delay.o [1]
exit                         0x32a3    0x4  Code  Gb  exit.o [2]
ftoa                         0x115b  0x17c  Code  Gb  lcd.o [1]
g_pfnRAMVectors         0x2000'0400  0x26c  Data  Lc  interrupt.o [3]
g_ppui32GPIOIntMapBlizzard
                             0x1610   0xc0  Data  Lc  gpio.o [3]
g_ppui32GPIOIntMapSnowflake
                             0x16d0   0xd8  Data  Lc  gpio.o [3]
g_ppui32TimerIntMap          0x1a3c   0x60  Data  Lc  timer.o [3]
g_ppui32TimerIntMapSnowflake
                             0x1a9c   0x40  Data  Lc  timer.o [3]
g_pui32Dii16Regs              0xde4   0x14  Data  Lc  interrupt.o [3]
g_pui32EnRegs                 0xdd0   0x14  Data  Lc  interrupt.o [3]
g_pui32Regs                   0xd34   0x9c  Data  Lc  interrupt.o [3]
itoa                         0x10f5   0x66  Code  Lc  lcd.o [1]
ldexp                        0x2c25         Code  Gb  ldexp.o [4]
ldexpl                       0x2c25         Code  Gb  ldexp.o [4]
lnbias                       0x2d60  0x420  Data  Lc  pow64.o [4]
main                           0x41  0x21a  Code  Gb  main.o [1]
mapping                      0x3300   0x10  Data  Lc  keypad.o [1]
pointer_min             0x2000'0004    0x4  Data  Gb  main.o [1]
pointer_sec             0x2000'0000    0x4  Data  Gb  main.o [1]
pointer_stopwatch_min   0x2000'0010    0x4  Data  Gb  main.o [1]
pointer_stopwatch_sec   0x2000'000c    0x4  Data  Gb  main.o [1]
pow                          0x1fdd  0x650  Code  Gb  pow64.o [4]
powl                         0x1fdd  0x650  Code  Gb  pow64.o [4]
reverse                      0x10d1   0x24  Code  Lc  lcd.o [1]
rounders                     0x3180   0x58  Data  Lc  lcd.o [1]
scalbln                      0x2c25         Code  Gb  ldexp.o [4]
scalblnl                     0x2c25         Code  Gb  ldexp.o [4]
scalbn                       0x2c25         Code  Gb  ldexp.o [4]
scalbnl                      0x2c25         Code  Gb  ldexp.o [4]
select_mode                   0x25d   0x5e  Code  Gb  main.o [1]
stopwatch_counter             0x9cb  0x148  Code  Gb  main.o [1]
stopwatch_end                 0xb13   0x44  Code  Gb  main.o [1]
stopwatch_handler             0x9a9   0x22  Code  Gb  main.o [1]
stopwatch_min           0x2000'067c    0x4  Data  Gb  main.o [1]
stopwatch_pause               0x5c1   0x1e  Code  Gb  main.o [1]
stopwatch_reset               0x655    0xa  Code  Gb  main.o [1]
stopwatch_reset_handler
                              0x601   0x4c  Code  Gb  main.o [1]
stopwatch_resume              0x5e1   0x1e  Code  Gb  main.o [1]
stopwatch_sec           0x2000'0678    0x4  Data  Gb  main.o [1]
stopwatch_start               0x945   0x64  Code  Gb  main.o [1]
swap                         0x10c7    0xa  Code  Lc  lcd.o [1]
timer_counter                 0x77d  0x1c8  Code  Gb  main.o [1]
timer_enable                  0x719   0x38  Code  Gb  main.o [1]
timer_end                     0xb57   0x4c  Code  Gb  main.o [1]
timer_handler                 0x751   0x28  Code  Gb  main.o [1]
timer_min               0x2000'0670    0x4  Data  Gb  main.o [1]
timer_sec               0x2000'066c    0x4  Data  Gb  main.o [1]
timer_start                   0x65f   0xba  Code  Gb  main.o [1]
timer_status            0x2000'0008    0x4  Data  Gb  main.o [1]
timerstatus1            0x2000'0674    0x4  Data  Gb  main.o [1]


[1] = D:\MCTA\Current Semester\Embedded\Final_project\trial3\Debug\Obj
[2] = dl7M_tln.a
[3] = driverlib.a
[4] = m7M_tls.a
[5] = rt7M_tl.a
[6] = shb_l.a

  11'844 bytes of readonly  code memory
   1'300 bytes of readonly  data memory
   5'768 bytes of readwrite data memory

Errors: none
Warnings: 1
